Analysis & Synthesis report for Compressor82_16bits_Sklansky
Tue Dec 30 11:58:12 2025
Quartus Prime Version 24.1std.0 Build 1077 03/04/2025 SC Lite Edition


---------------------
; Table of Contents ;
---------------------
  1. Legal Notice
  2. Analysis & Synthesis Summary
  3. Analysis & Synthesis Settings
  4. Parallel Compilation
  5. Analysis & Synthesis Source Files Read
  6. Analysis & Synthesis Resource Usage Summary
  7. Analysis & Synthesis Resource Utilization by Entity
  8. General Register Statistics
  9. Port Connectivity Checks: "compressor_8x2_16b_Sklansky:u_compressor|sklansky_15:stage16"
 10. Port Connectivity Checks: "compressor_8x2_16b_Sklansky:u_compressor|compressor82:stage0"
 11. Post-Synthesis Netlist Statistics for Top Partition
 12. Elapsed Time Per Partition
 13. Analysis & Synthesis Messages



----------------
; Legal Notice ;
----------------
Copyright (C) 2025  Altera Corporation. All rights reserved.
Your use of Altera Corporation's design tools, logic functions 
and other software and tools, and any partner logic 
functions, and any output files from any of the foregoing 
(including device programming or simulation files), and any 
associated documentation or information are expressly subject 
to the terms and conditions of the Altera Program License 
Subscription Agreement, the Altera Quartus Prime License Agreement,
the Altera IP License Agreement, or other applicable license
agreement, including, without limitation, that your use is for
the sole purpose of programming logic devices manufactured by
Altera and sold by Altera or its authorized distributors.  Please
refer to the Altera Software License Subscription Agreements 
on the Quartus Prime software download page.



+--------------------------------------------------------------------------------------+
; Analysis & Synthesis Summary                                                         ;
+------------------------------------+-------------------------------------------------+
; Analysis & Synthesis Status        ; Successful - Tue Dec 30 11:58:12 2025           ;
; Quartus Prime Version              ; 24.1std.0 Build 1077 03/04/2025 SC Lite Edition ;
; Revision Name                      ; Compressor82_16bits_Sklansky                    ;
; Top-level Entity Name              ; top_level_compressor_8x2_16b                    ;
; Family                             ; Cyclone IV E                                    ;
; Total logic elements               ; 386                                             ;
;     Total combinational functions  ; 258                                             ;
;     Dedicated logic registers      ; 147                                             ;
; Total registers                    ; 147                                             ;
; Total pins                         ; 149                                             ;
; Total virtual pins                 ; 0                                               ;
; Total memory bits                  ; 0                                               ;
; Embedded Multiplier 9-bit elements ; 0                                               ;
; Total PLLs                         ; 0                                               ;
+------------------------------------+-------------------------------------------------+


+--------------------------------------------------------------------------------------------------------------------------------+
; Analysis & Synthesis Settings                                                                                                  ;
+------------------------------------------------------------------+------------------------------+------------------------------+
; Option                                                           ; Setting                      ; Default Value                ;
+------------------------------------------------------------------+------------------------------+------------------------------+
; Device                                                           ; EP4CE22F17C6                 ;                              ;
; Top-level entity name                                            ; top_level_compressor_8x2_16b ; Compressor82_16bits_Sklansky ;
; Family name                                                      ; Cyclone IV E                 ; Cyclone V                    ;
; Use smart compilation                                            ; Off                          ; Off                          ;
; Enable parallel Assembler and Timing Analyzer during compilation ; On                           ; On                           ;
; Enable compact report table                                      ; Off                          ; Off                          ;
; Restructure Multiplexers                                         ; Auto                         ; Auto                         ;
; Create Debugging Nodes for IP Cores                              ; Off                          ; Off                          ;
; Preserve fewer node names                                        ; On                           ; On                           ;
; Intel FPGA IP Evaluation Mode                                    ; Enable                       ; Enable                       ;
; Verilog Version                                                  ; Verilog_2001                 ; Verilog_2001                 ;
; VHDL Version                                                     ; VHDL_1993                    ; VHDL_1993                    ;
; State Machine Processing                                         ; Auto                         ; Auto                         ;
; Safe State Machine                                               ; Off                          ; Off                          ;
; Extract Verilog State Machines                                   ; On                           ; On                           ;
; Extract VHDL State Machines                                      ; On                           ; On                           ;
; Ignore Verilog initial constructs                                ; Off                          ; Off                          ;
; Iteration limit for constant Verilog loops                       ; 5000                         ; 5000                         ;
; Iteration limit for non-constant Verilog loops                   ; 250                          ; 250                          ;
; Add Pass-Through Logic to Inferred RAMs                          ; On                           ; On                           ;
; Infer RAMs from Raw Logic                                        ; On                           ; On                           ;
; Parallel Synthesis                                               ; On                           ; On                           ;
; DSP Block Balancing                                              ; Auto                         ; Auto                         ;
; NOT Gate Push-Back                                               ; On                           ; On                           ;
; Power-Up Don't Care                                              ; On                           ; On                           ;
; Remove Redundant Logic Cells                                     ; Off                          ; Off                          ;
; Remove Duplicate Registers                                       ; On                           ; On                           ;
; Ignore CARRY Buffers                                             ; Off                          ; Off                          ;
; Ignore CASCADE Buffers                                           ; Off                          ; Off                          ;
; Ignore GLOBAL Buffers                                            ; Off                          ; Off                          ;
; Ignore ROW GLOBAL Buffers                                        ; Off                          ; Off                          ;
; Ignore LCELL Buffers                                             ; Off                          ; Off                          ;
; Ignore SOFT Buffers                                              ; On                           ; On                           ;
; Limit AHDL Integers to 32 Bits                                   ; Off                          ; Off                          ;
; Optimization Technique                                           ; Balanced                     ; Balanced                     ;
; Carry Chain Length                                               ; 70                           ; 70                           ;
; Auto Carry Chains                                                ; On                           ; On                           ;
; Auto Open-Drain Pins                                             ; On                           ; On                           ;
; Perform WYSIWYG Primitive Resynthesis                            ; Off                          ; Off                          ;
; Auto ROM Replacement                                             ; On                           ; On                           ;
; Auto RAM Replacement                                             ; On                           ; On                           ;
; Auto DSP Block Replacement                                       ; On                           ; On                           ;
; Auto Shift Register Replacement                                  ; Auto                         ; Auto                         ;
; Allow Shift Register Merging across Hierarchies                  ; Auto                         ; Auto                         ;
; Auto Clock Enable Replacement                                    ; On                           ; On                           ;
; Strict RAM Replacement                                           ; Off                          ; Off                          ;
; Allow Synchronous Control Signals                                ; On                           ; On                           ;
; Force Use of Synchronous Clear Signals                           ; Off                          ; Off                          ;
; Auto RAM Block Balancing                                         ; On                           ; On                           ;
; Auto RAM to Logic Cell Conversion                                ; Off                          ; Off                          ;
; Auto Resource Sharing                                            ; Off                          ; Off                          ;
; Allow Any RAM Size For Recognition                               ; Off                          ; Off                          ;
; Allow Any ROM Size For Recognition                               ; Off                          ; Off                          ;
; Allow Any Shift Register Size For Recognition                    ; Off                          ; Off                          ;
; Use LogicLock Constraints during Resource Balancing              ; On                           ; On                           ;
; Ignore translate_off and synthesis_off directives                ; Off                          ; Off                          ;
; Timing-Driven Synthesis                                          ; On                           ; On                           ;
; Report Parameter Settings                                        ; On                           ; On                           ;
; Report Source Assignments                                        ; On                           ; On                           ;
; Report Connectivity Checks                                       ; On                           ; On                           ;
; Ignore Maximum Fan-Out Assignments                               ; Off                          ; Off                          ;
; Synchronization Register Chain Length                            ; 2                            ; 2                            ;
; Power Optimization During Synthesis                              ; Normal compilation           ; Normal compilation           ;
; HDL message level                                                ; Level2                       ; Level2                       ;
; Suppress Register Optimization Related Messages                  ; Off                          ; Off                          ;
; Number of Removed Registers Reported in Synthesis Report         ; 5000                         ; 5000                         ;
; Number of Swept Nodes Reported in Synthesis Report               ; 5000                         ; 5000                         ;
; Number of Inverted Registers Reported in Synthesis Report        ; 100                          ; 100                          ;
; Clock MUX Protection                                             ; On                           ; On                           ;
; Auto Gated Clock Conversion                                      ; Off                          ; Off                          ;
; Block Design Naming                                              ; Auto                         ; Auto                         ;
; SDC constraint protection                                        ; Off                          ; Off                          ;
; Synthesis Effort                                                 ; Auto                         ; Auto                         ;
; Shift Register Replacement - Allow Asynchronous Clear Signal     ; On                           ; On                           ;
; Pre-Mapping Resynthesis Optimization                             ; Off                          ; Off                          ;
; Analysis & Synthesis Message Level                               ; Medium                       ; Medium                       ;
; Disable Register Merging Across Hierarchies                      ; Auto                         ; Auto                         ;
; Resource Aware Inference For Block RAM                           ; On                           ; On                           ;
+------------------------------------------------------------------+------------------------------+------------------------------+


+------------------------------------------+
; Parallel Compilation                     ;
+----------------------------+-------------+
; Processors                 ; Number      ;
+----------------------------+-------------+
; Number detected on machine ; 8           ;
; Maximum allowed            ; 8           ;
;                            ;             ;
; Average used               ; 1.00        ;
; Maximum used               ; 8           ;
;                            ;             ;
; Usage by Processor         ; % Time Used ;
;     Processor 1            ; 100.0%      ;
;     Processors 2-8         ;   0.0%      ;
+----------------------------+-------------+


+---------------------------------------------------------------------------------------------------------------------------------------------------------------------------------------+
; Analysis & Synthesis Source Files Read                                                                                                                                                ;
+----------------------------------+-----------------+-----------------+------------------------------------------------------------------------------------------------------+---------+
; File Name with User-Entered Path ; Used in Netlist ; File Type       ; File Name with Absolute Path                                                                         ; Library ;
+----------------------------------+-----------------+-----------------+------------------------------------------------------------------------------------------------------+---------+
; top_level_compressor_8x2_16b.vhd ; yes             ; User VHDL File  ; F:/github_projects/New JICS/Compressor82_16bits/compressor_Sklansky/top_level_compressor_8x2_16b.vhd ;         ;
; FF_D3.vhd                        ; yes             ; User VHDL File  ; F:/github_projects/New JICS/Compressor82_16bits/compressor_Sklansky/FF_D3.vhd                        ;         ;
; FF_D16.vhd                       ; yes             ; User VHDL File  ; F:/github_projects/New JICS/Compressor82_16bits/compressor_Sklansky/FF_D16.vhd                       ;         ;
; compressor_8x2_16b_Sklansky.vhd  ; yes             ; User VHDL File  ; F:/github_projects/New JICS/Compressor82_16bits/compressor_Sklansky/compressor_8x2_16b_Sklansky.vhd  ;         ;
+----------------------------------+-----------------+-----------------+------------------------------------------------------------------------------------------------------+---------+


+---------------------------------------------------------+
; Analysis & Synthesis Resource Usage Summary             ;
+---------------------------------------------+-----------+
; Resource                                    ; Usage     ;
+---------------------------------------------+-----------+
; Estimated Total logic elements              ; 386       ;
;                                             ;           ;
; Total combinational functions               ; 258       ;
; Logic element usage by number of LUT inputs ;           ;
;     -- 4 input functions                    ; 139       ;
;     -- 3 input functions                    ; 94        ;
;     -- <=2 input functions                  ; 25        ;
;                                             ;           ;
; Logic elements by mode                      ;           ;
;     -- normal mode                          ; 258       ;
;     -- arithmetic mode                      ; 0         ;
;                                             ;           ;
; Total registers                             ; 147       ;
;     -- Dedicated logic registers            ; 147       ;
;     -- I/O registers                        ; 0         ;
;                                             ;           ;
; I/O pins                                    ; 149       ;
;                                             ;           ;
; Embedded Multiplier 9-bit elements          ; 0         ;
;                                             ;           ;
; Maximum fan-out node                        ; clk~input ;
; Maximum fan-out                             ; 147       ;
; Total fan-out                               ; 1497      ;
; Average fan-out                             ; 2.13      ;
+---------------------------------------------+-----------+


+----------------------------------------------------------------------------------------------------------------------------------------------------------------------------------------------------------------------------------------------------------------------------------------------------------------------------------+
; Analysis & Synthesis Resource Utilization by Entity                                                                                                                                                                                                                                                                              ;
+-----------------------------------------------+---------------------+---------------------------+-------------+--------------+---------+-----------+------+--------------+---------------------------------------------------------------------------------------------------------+------------------------------+--------------+
; Compilation Hierarchy Node                    ; Combinational ALUTs ; Dedicated Logic Registers ; Memory Bits ; DSP Elements ; DSP 9x9 ; DSP 18x18 ; Pins ; Virtual Pins ; Full Hierarchy Name                                                                                     ; Entity Name                  ; Library Name ;
+-----------------------------------------------+---------------------+---------------------------+-------------+--------------+---------+-----------+------+--------------+---------------------------------------------------------------------------------------------------------+------------------------------+--------------+
; |top_level_compressor_8x2_16b                 ; 258 (0)             ; 147 (0)                   ; 0           ; 0            ; 0       ; 0         ; 149  ; 0            ; |top_level_compressor_8x2_16b                                                                           ; top_level_compressor_8x2_16b ; work         ;
;    |FF_D16:ff_a|                              ; 0 (0)               ; 16 (16)                   ; 0           ; 0            ; 0       ; 0         ; 0    ; 0            ; |top_level_compressor_8x2_16b|FF_D16:ff_a                                                               ; FF_D16                       ; work         ;
;    |FF_D16:ff_b|                              ; 0 (0)               ; 16 (16)                   ; 0           ; 0            ; 0       ; 0         ; 0    ; 0            ; |top_level_compressor_8x2_16b|FF_D16:ff_b                                                               ; FF_D16                       ; work         ;
;    |FF_D16:ff_c|                              ; 0 (0)               ; 16 (16)                   ; 0           ; 0            ; 0       ; 0         ; 0    ; 0            ; |top_level_compressor_8x2_16b|FF_D16:ff_c                                                               ; FF_D16                       ; work         ;
;    |FF_D16:ff_d|                              ; 0 (0)               ; 16 (16)                   ; 0           ; 0            ; 0       ; 0         ; 0    ; 0            ; |top_level_compressor_8x2_16b|FF_D16:ff_d                                                               ; FF_D16                       ; work         ;
;    |FF_D16:ff_e|                              ; 0 (0)               ; 16 (16)                   ; 0           ; 0            ; 0       ; 0         ; 0    ; 0            ; |top_level_compressor_8x2_16b|FF_D16:ff_e                                                               ; FF_D16                       ; work         ;
;    |FF_D16:ff_f|                              ; 0 (0)               ; 16 (16)                   ; 0           ; 0            ; 0       ; 0         ; 0    ; 0            ; |top_level_compressor_8x2_16b|FF_D16:ff_f                                                               ; FF_D16                       ; work         ;
;    |FF_D16:ff_g|                              ; 0 (0)               ; 16 (16)                   ; 0           ; 0            ; 0       ; 0         ; 0    ; 0            ; |top_level_compressor_8x2_16b|FF_D16:ff_g                                                               ; FF_D16                       ; work         ;
;    |FF_D16:ff_h|                              ; 0 (0)               ; 16 (16)                   ; 0           ; 0            ; 0       ; 0         ; 0    ; 0            ; |top_level_compressor_8x2_16b|FF_D16:ff_h                                                               ; FF_D16                       ; work         ;
;    |FF_D16:ff_soma|                           ; 0 (0)               ; 16 (16)                   ; 0           ; 0            ; 0       ; 0         ; 0    ; 0            ; |top_level_compressor_8x2_16b|FF_D16:ff_soma                                                            ; FF_D16                       ; work         ;
;    |FF_D3:ff_c_out|                           ; 0 (0)               ; 3 (3)                     ; 0           ; 0            ; 0       ; 0         ; 0    ; 0            ; |top_level_compressor_8x2_16b|FF_D3:ff_c_out                                                            ; FF_D3                        ; work         ;
;    |compressor_8x2_16b_Sklansky:u_compressor| ; 258 (0)             ; 0 (0)                     ; 0           ; 0            ; 0       ; 0         ; 0    ; 0            ; |top_level_compressor_8x2_16b|compressor_8x2_16b_Sklansky:u_compressor                                  ; compressor_8x2_16b_Sklansky  ; work         ;
;       |compressor52:stage17|                  ; 7 (4)               ; 0 (0)                     ; 0           ; 0            ; 0       ; 0         ; 0    ; 0            ; |top_level_compressor_8x2_16b|compressor_8x2_16b_Sklansky:u_compressor|compressor52:stage17             ; compressor52                 ; work         ;
;          |Mux21a:mux1|                        ; 1 (1)               ; 0 (0)                     ; 0           ; 0            ; 0       ; 0         ; 0    ; 0            ; |top_level_compressor_8x2_16b|compressor_8x2_16b_Sklansky:u_compressor|compressor52:stage17|Mux21a:mux1 ; Mux21a                       ; work         ;
;          |Mux21a:mux2|                        ; 1 (1)               ; 0 (0)                     ; 0           ; 0            ; 0       ; 0         ; 0    ; 0            ; |top_level_compressor_8x2_16b|compressor_8x2_16b_Sklansky:u_compressor|compressor52:stage17|Mux21a:mux2 ; Mux21a                       ; work         ;
;          |Mux21a:mux3|                        ; 1 (1)               ; 0 (0)                     ; 0           ; 0            ; 0       ; 0         ; 0    ; 0            ; |top_level_compressor_8x2_16b|compressor_8x2_16b_Sklansky:u_compressor|compressor52:stage17|Mux21a:mux3 ; Mux21a                       ; work         ;
;       |compressor82:stage0|                   ; 7 (4)               ; 0 (0)                     ; 0           ; 0            ; 0       ; 0         ; 0    ; 0            ; |top_level_compressor_8x2_16b|compressor_8x2_16b_Sklansky:u_compressor|compressor82:stage0              ; compressor82                 ; work         ;
;          |Mux21a:M0|                          ; 1 (1)               ; 0 (0)                     ; 0           ; 0            ; 0       ; 0         ; 0    ; 0            ; |top_level_compressor_8x2_16b|compressor_8x2_16b_Sklansky:u_compressor|compressor82:stage0|Mux21a:M0    ; Mux21a                       ; work         ;
;          |Mux21a:M1|                          ; 1 (1)               ; 0 (0)                     ; 0           ; 0            ; 0       ; 0         ; 0    ; 0            ; |top_level_compressor_8x2_16b|compressor_8x2_16b_Sklansky:u_compressor|compressor82:stage0|Mux21a:M1    ; Mux21a                       ; work         ;
;          |Mux21a:M3|                          ; 1 (1)               ; 0 (0)                     ; 0           ; 0            ; 0       ; 0         ; 0    ; 0            ; |top_level_compressor_8x2_16b|compressor_8x2_16b_Sklansky:u_compressor|compressor82:stage0|Mux21a:M3    ; Mux21a                       ; work         ;
;       |compressor82:stage10|                  ; 14 (7)              ; 0 (0)                     ; 0           ; 0            ; 0       ; 0         ; 0    ; 0            ; |top_level_compressor_8x2_16b|compressor_8x2_16b_Sklansky:u_compressor|compressor82:stage10             ; compressor82                 ; work         ;
;          |Mux21a:M0|                          ; 1 (1)               ; 0 (0)                     ; 0           ; 0            ; 0       ; 0         ; 0    ; 0            ; |top_level_compressor_8x2_16b|compressor_8x2_16b_Sklansky:u_compressor|compressor82:stage10|Mux21a:M0   ; Mux21a                       ; work         ;
;          |Mux21a:M1|                          ; 1 (1)               ; 0 (0)                     ; 0           ; 0            ; 0       ; 0         ; 0    ; 0            ; |top_level_compressor_8x2_16b|compressor_8x2_16b_Sklansky:u_compressor|compressor82:stage10|Mux21a:M1   ; Mux21a                       ; work         ;
;          |Mux21a:M3|                          ; 3 (3)               ; 0 (0)                     ; 0           ; 0            ; 0       ; 0         ; 0    ; 0            ; |top_level_compressor_8x2_16b|compressor_8x2_16b_Sklansky:u_compressor|compressor82:stage10|Mux21a:M3   ; Mux21a                       ; work         ;
;          |Mux21a:M4|                          ; 1 (1)               ; 0 (0)                     ; 0           ; 0            ; 0       ; 0         ; 0    ; 0            ; |top_level_compressor_8x2_16b|compressor_8x2_16b_Sklansky:u_compressor|compressor82:stage10|Mux21a:M4   ; Mux21a                       ; work         ;
;          |Mux21a:M5|                          ; 1 (1)               ; 0 (0)                     ; 0           ; 0            ; 0       ; 0         ; 0    ; 0            ; |top_level_compressor_8x2_16b|compressor_8x2_16b_Sklansky:u_compressor|compressor82:stage10|Mux21a:M5   ; Mux21a                       ; work         ;
;       |compressor82:stage11|                  ; 11 (6)              ; 0 (0)                     ; 0           ; 0            ; 0       ; 0         ; 0    ; 0            ; |top_level_compressor_8x2_16b|compressor_8x2_16b_Sklansky:u_compressor|compressor82:stage11             ; compressor82                 ; work         ;
;          |Mux21a:M0|                          ; 1 (1)               ; 0 (0)                     ; 0           ; 0            ; 0       ; 0         ; 0    ; 0            ; |top_level_compressor_8x2_16b|compressor_8x2_16b_Sklansky:u_compressor|compressor82:stage11|Mux21a:M0   ; Mux21a                       ; work         ;
;          |Mux21a:M1|                          ; 1 (1)               ; 0 (0)                     ; 0           ; 0            ; 0       ; 0         ; 0    ; 0            ; |top_level_compressor_8x2_16b|compressor_8x2_16b_Sklansky:u_compressor|compressor82:stage11|Mux21a:M1   ; Mux21a                       ; work         ;
;          |Mux21a:M3|                          ; 1 (1)               ; 0 (0)                     ; 0           ; 0            ; 0       ; 0         ; 0    ; 0            ; |top_level_compressor_8x2_16b|compressor_8x2_16b_Sklansky:u_compressor|compressor82:stage11|Mux21a:M3   ; Mux21a                       ; work         ;
;          |Mux21a:M4|                          ; 1 (1)               ; 0 (0)                     ; 0           ; 0            ; 0       ; 0         ; 0    ; 0            ; |top_level_compressor_8x2_16b|compressor_8x2_16b_Sklansky:u_compressor|compressor82:stage11|Mux21a:M4   ; Mux21a                       ; work         ;
;          |Mux21a:M5|                          ; 1 (1)               ; 0 (0)                     ; 0           ; 0            ; 0       ; 0         ; 0    ; 0            ; |top_level_compressor_8x2_16b|compressor_8x2_16b_Sklansky:u_compressor|compressor82:stage11|Mux21a:M5   ; Mux21a                       ; work         ;
;       |compressor82:stage12|                  ; 11 (6)              ; 0 (0)                     ; 0           ; 0            ; 0       ; 0         ; 0    ; 0            ; |top_level_compressor_8x2_16b|compressor_8x2_16b_Sklansky:u_compressor|compressor82:stage12             ; compressor82                 ; work         ;
;          |Mux21a:M0|                          ; 1 (1)               ; 0 (0)                     ; 0           ; 0            ; 0       ; 0         ; 0    ; 0            ; |top_level_compressor_8x2_16b|compressor_8x2_16b_Sklansky:u_compressor|compressor82:stage12|Mux21a:M0   ; Mux21a                       ; work         ;
;          |Mux21a:M1|                          ; 1 (1)               ; 0 (0)                     ; 0           ; 0            ; 0       ; 0         ; 0    ; 0            ; |top_level_compressor_8x2_16b|compressor_8x2_16b_Sklansky:u_compressor|compressor82:stage12|Mux21a:M1   ; Mux21a                       ; work         ;
;          |Mux21a:M3|                          ; 1 (1)               ; 0 (0)                     ; 0           ; 0            ; 0       ; 0         ; 0    ; 0            ; |top_level_compressor_8x2_16b|compressor_8x2_16b_Sklansky:u_compressor|compressor82:stage12|Mux21a:M3   ; Mux21a                       ; work         ;
;          |Mux21a:M4|                          ; 1 (1)               ; 0 (0)                     ; 0           ; 0            ; 0       ; 0         ; 0    ; 0            ; |top_level_compressor_8x2_16b|compressor_8x2_16b_Sklansky:u_compressor|compressor82:stage12|Mux21a:M4   ; Mux21a                       ; work         ;
;          |Mux21a:M5|                          ; 1 (1)               ; 0 (0)                     ; 0           ; 0            ; 0       ; 0         ; 0    ; 0            ; |top_level_compressor_8x2_16b|compressor_8x2_16b_Sklansky:u_compressor|compressor82:stage12|Mux21a:M5   ; Mux21a                       ; work         ;
;       |compressor82:stage13|                  ; 12 (7)              ; 0 (0)                     ; 0           ; 0            ; 0       ; 0         ; 0    ; 0            ; |top_level_compressor_8x2_16b|compressor_8x2_16b_Sklansky:u_compressor|compressor82:stage13             ; compressor82                 ; work         ;
;          |Mux21a:M0|                          ; 1 (1)               ; 0 (0)                     ; 0           ; 0            ; 0       ; 0         ; 0    ; 0            ; |top_level_compressor_8x2_16b|compressor_8x2_16b_Sklansky:u_compressor|compressor82:stage13|Mux21a:M0   ; Mux21a                       ; work         ;
;          |Mux21a:M1|                          ; 1 (1)               ; 0 (0)                     ; 0           ; 0            ; 0       ; 0         ; 0    ; 0            ; |top_level_compressor_8x2_16b|compressor_8x2_16b_Sklansky:u_compressor|compressor82:stage13|Mux21a:M1   ; Mux21a                       ; work         ;
;          |Mux21a:M3|                          ; 1 (1)               ; 0 (0)                     ; 0           ; 0            ; 0       ; 0         ; 0    ; 0            ; |top_level_compressor_8x2_16b|compressor_8x2_16b_Sklansky:u_compressor|compressor82:stage13|Mux21a:M3   ; Mux21a                       ; work         ;
;          |Mux21a:M4|                          ; 1 (1)               ; 0 (0)                     ; 0           ; 0            ; 0       ; 0         ; 0    ; 0            ; |top_level_compressor_8x2_16b|compressor_8x2_16b_Sklansky:u_compressor|compressor82:stage13|Mux21a:M4   ; Mux21a                       ; work         ;
;          |Mux21a:M5|                          ; 1 (1)               ; 0 (0)                     ; 0           ; 0            ; 0       ; 0         ; 0    ; 0            ; |top_level_compressor_8x2_16b|compressor_8x2_16b_Sklansky:u_compressor|compressor82:stage13|Mux21a:M5   ; Mux21a                       ; work         ;
;       |compressor82:stage14|                  ; 11 (6)              ; 0 (0)                     ; 0           ; 0            ; 0       ; 0         ; 0    ; 0            ; |top_level_compressor_8x2_16b|compressor_8x2_16b_Sklansky:u_compressor|compressor82:stage14             ; compressor82                 ; work         ;
;          |Mux21a:M0|                          ; 1 (1)               ; 0 (0)                     ; 0           ; 0            ; 0       ; 0         ; 0    ; 0            ; |top_level_compressor_8x2_16b|compressor_8x2_16b_Sklansky:u_compressor|compressor82:stage14|Mux21a:M0   ; Mux21a                       ; work         ;
;          |Mux21a:M1|                          ; 1 (1)               ; 0 (0)                     ; 0           ; 0            ; 0       ; 0         ; 0    ; 0            ; |top_level_compressor_8x2_16b|compressor_8x2_16b_Sklansky:u_compressor|compressor82:stage14|Mux21a:M1   ; Mux21a                       ; work         ;
;          |Mux21a:M3|                          ; 1 (1)               ; 0 (0)                     ; 0           ; 0            ; 0       ; 0         ; 0    ; 0            ; |top_level_compressor_8x2_16b|compressor_8x2_16b_Sklansky:u_compressor|compressor82:stage14|Mux21a:M3   ; Mux21a                       ; work         ;
;          |Mux21a:M4|                          ; 1 (1)               ; 0 (0)                     ; 0           ; 0            ; 0       ; 0         ; 0    ; 0            ; |top_level_compressor_8x2_16b|compressor_8x2_16b_Sklansky:u_compressor|compressor82:stage14|Mux21a:M4   ; Mux21a                       ; work         ;
;          |Mux21a:M5|                          ; 1 (1)               ; 0 (0)                     ; 0           ; 0            ; 0       ; 0         ; 0    ; 0            ; |top_level_compressor_8x2_16b|compressor_8x2_16b_Sklansky:u_compressor|compressor82:stage14|Mux21a:M5   ; Mux21a                       ; work         ;
;       |compressor82:stage15|                  ; 11 (6)              ; 0 (0)                     ; 0           ; 0            ; 0       ; 0         ; 0    ; 0            ; |top_level_compressor_8x2_16b|compressor_8x2_16b_Sklansky:u_compressor|compressor82:stage15             ; compressor82                 ; work         ;
;          |Mux21a:M0|                          ; 1 (1)               ; 0 (0)                     ; 0           ; 0            ; 0       ; 0         ; 0    ; 0            ; |top_level_compressor_8x2_16b|compressor_8x2_16b_Sklansky:u_compressor|compressor82:stage15|Mux21a:M0   ; Mux21a                       ; work         ;
;          |Mux21a:M2|                          ; 1 (1)               ; 0 (0)                     ; 0           ; 0            ; 0       ; 0         ; 0    ; 0            ; |top_level_compressor_8x2_16b|compressor_8x2_16b_Sklansky:u_compressor|compressor82:stage15|Mux21a:M2   ; Mux21a                       ; work         ;
;          |Mux21a:M3|                          ; 1 (1)               ; 0 (0)                     ; 0           ; 0            ; 0       ; 0         ; 0    ; 0            ; |top_level_compressor_8x2_16b|compressor_8x2_16b_Sklansky:u_compressor|compressor82:stage15|Mux21a:M3   ; Mux21a                       ; work         ;
;          |Mux21a:M4|                          ; 1 (1)               ; 0 (0)                     ; 0           ; 0            ; 0       ; 0         ; 0    ; 0            ; |top_level_compressor_8x2_16b|compressor_8x2_16b_Sklansky:u_compressor|compressor82:stage15|Mux21a:M4   ; Mux21a                       ; work         ;
;          |Mux21a:M5|                          ; 1 (1)               ; 0 (0)                     ; 0           ; 0            ; 0       ; 0         ; 0    ; 0            ; |top_level_compressor_8x2_16b|compressor_8x2_16b_Sklansky:u_compressor|compressor82:stage15|Mux21a:M5   ; Mux21a                       ; work         ;
;       |compressor82:stage1|                   ; 14 (7)              ; 0 (0)                     ; 0           ; 0            ; 0       ; 0         ; 0    ; 0            ; |top_level_compressor_8x2_16b|compressor_8x2_16b_Sklansky:u_compressor|compressor82:stage1              ; compressor82                 ; work         ;
;          |Mux21a:M0|                          ; 1 (1)               ; 0 (0)                     ; 0           ; 0            ; 0       ; 0         ; 0    ; 0            ; |top_level_compressor_8x2_16b|compressor_8x2_16b_Sklansky:u_compressor|compressor82:stage1|Mux21a:M0    ; Mux21a                       ; work         ;
;          |Mux21a:M1|                          ; 1 (1)               ; 0 (0)                     ; 0           ; 0            ; 0       ; 0         ; 0    ; 0            ; |top_level_compressor_8x2_16b|compressor_8x2_16b_Sklansky:u_compressor|compressor82:stage1|Mux21a:M1    ; Mux21a                       ; work         ;
;          |Mux21a:M3|                          ; 3 (3)               ; 0 (0)                     ; 0           ; 0            ; 0       ; 0         ; 0    ; 0            ; |top_level_compressor_8x2_16b|compressor_8x2_16b_Sklansky:u_compressor|compressor82:stage1|Mux21a:M3    ; Mux21a                       ; work         ;
;          |Mux21a:M4|                          ; 1 (1)               ; 0 (0)                     ; 0           ; 0            ; 0       ; 0         ; 0    ; 0            ; |top_level_compressor_8x2_16b|compressor_8x2_16b_Sklansky:u_compressor|compressor82:stage1|Mux21a:M4    ; Mux21a                       ; work         ;
;          |Mux21a:M5|                          ; 1 (1)               ; 0 (0)                     ; 0           ; 0            ; 0       ; 0         ; 0    ; 0            ; |top_level_compressor_8x2_16b|compressor_8x2_16b_Sklansky:u_compressor|compressor82:stage1|Mux21a:M5    ; Mux21a                       ; work         ;
;       |compressor82:stage2|                   ; 14 (7)              ; 0 (0)                     ; 0           ; 0            ; 0       ; 0         ; 0    ; 0            ; |top_level_compressor_8x2_16b|compressor_8x2_16b_Sklansky:u_compressor|compressor82:stage2              ; compressor82                 ; work         ;
;          |Mux21a:M0|                          ; 1 (1)               ; 0 (0)                     ; 0           ; 0            ; 0       ; 0         ; 0    ; 0            ; |top_level_compressor_8x2_16b|compressor_8x2_16b_Sklansky:u_compressor|compressor82:stage2|Mux21a:M0    ; Mux21a                       ; work         ;
;          |Mux21a:M1|                          ; 1 (1)               ; 0 (0)                     ; 0           ; 0            ; 0       ; 0         ; 0    ; 0            ; |top_level_compressor_8x2_16b|compressor_8x2_16b_Sklansky:u_compressor|compressor82:stage2|Mux21a:M1    ; Mux21a                       ; work         ;
;          |Mux21a:M3|                          ; 3 (3)               ; 0 (0)                     ; 0           ; 0            ; 0       ; 0         ; 0    ; 0            ; |top_level_compressor_8x2_16b|compressor_8x2_16b_Sklansky:u_compressor|compressor82:stage2|Mux21a:M3    ; Mux21a                       ; work         ;
;          |Mux21a:M4|                          ; 1 (1)               ; 0 (0)                     ; 0           ; 0            ; 0       ; 0         ; 0    ; 0            ; |top_level_compressor_8x2_16b|compressor_8x2_16b_Sklansky:u_compressor|compressor82:stage2|Mux21a:M4    ; Mux21a                       ; work         ;
;          |Mux21a:M5|                          ; 1 (1)               ; 0 (0)                     ; 0           ; 0            ; 0       ; 0         ; 0    ; 0            ; |top_level_compressor_8x2_16b|compressor_8x2_16b_Sklansky:u_compressor|compressor82:stage2|Mux21a:M5    ; Mux21a                       ; work         ;
;       |compressor82:stage3|                   ; 11 (6)              ; 0 (0)                     ; 0           ; 0            ; 0       ; 0         ; 0    ; 0            ; |top_level_compressor_8x2_16b|compressor_8x2_16b_Sklansky:u_compressor|compressor82:stage3              ; compressor82                 ; work         ;
;          |Mux21a:M0|                          ; 1 (1)               ; 0 (0)                     ; 0           ; 0            ; 0       ; 0         ; 0    ; 0            ; |top_level_compressor_8x2_16b|compressor_8x2_16b_Sklansky:u_compressor|compressor82:stage3|Mux21a:M0    ; Mux21a                       ; work         ;
;          |Mux21a:M1|                          ; 1 (1)               ; 0 (0)                     ; 0           ; 0            ; 0       ; 0         ; 0    ; 0            ; |top_level_compressor_8x2_16b|compressor_8x2_16b_Sklansky:u_compressor|compressor82:stage3|Mux21a:M1    ; Mux21a                       ; work         ;
;          |Mux21a:M3|                          ; 1 (1)               ; 0 (0)                     ; 0           ; 0            ; 0       ; 0         ; 0    ; 0            ; |top_level_compressor_8x2_16b|compressor_8x2_16b_Sklansky:u_compressor|compressor82:stage3|Mux21a:M3    ; Mux21a                       ; work         ;
;          |Mux21a:M4|                          ; 1 (1)               ; 0 (0)                     ; 0           ; 0            ; 0       ; 0         ; 0    ; 0            ; |top_level_compressor_8x2_16b|compressor_8x2_16b_Sklansky:u_compressor|compressor82:stage3|Mux21a:M4    ; Mux21a                       ; work         ;
;          |Mux21a:M5|                          ; 1 (1)               ; 0 (0)                     ; 0           ; 0            ; 0       ; 0         ; 0    ; 0            ; |top_level_compressor_8x2_16b|compressor_8x2_16b_Sklansky:u_compressor|compressor82:stage3|Mux21a:M5    ; Mux21a                       ; work         ;
;       |compressor82:stage4|                   ; 11 (6)              ; 0 (0)                     ; 0           ; 0            ; 0       ; 0         ; 0    ; 0            ; |top_level_compressor_8x2_16b|compressor_8x2_16b_Sklansky:u_compressor|compressor82:stage4              ; compressor82                 ; work         ;
;          |Mux21a:M0|                          ; 1 (1)               ; 0 (0)                     ; 0           ; 0            ; 0       ; 0         ; 0    ; 0            ; |top_level_compressor_8x2_16b|compressor_8x2_16b_Sklansky:u_compressor|compressor82:stage4|Mux21a:M0    ; Mux21a                       ; work         ;
;          |Mux21a:M1|                          ; 1 (1)               ; 0 (0)                     ; 0           ; 0            ; 0       ; 0         ; 0    ; 0            ; |top_level_compressor_8x2_16b|compressor_8x2_16b_Sklansky:u_compressor|compressor82:stage4|Mux21a:M1    ; Mux21a                       ; work         ;
;          |Mux21a:M3|                          ; 1 (1)               ; 0 (0)                     ; 0           ; 0            ; 0       ; 0         ; 0    ; 0            ; |top_level_compressor_8x2_16b|compressor_8x2_16b_Sklansky:u_compressor|compressor82:stage4|Mux21a:M3    ; Mux21a                       ; work         ;
;          |Mux21a:M4|                          ; 1 (1)               ; 0 (0)                     ; 0           ; 0            ; 0       ; 0         ; 0    ; 0            ; |top_level_compressor_8x2_16b|compressor_8x2_16b_Sklansky:u_compressor|compressor82:stage4|Mux21a:M4    ; Mux21a                       ; work         ;
;          |Mux21a:M5|                          ; 1 (1)               ; 0 (0)                     ; 0           ; 0            ; 0       ; 0         ; 0    ; 0            ; |top_level_compressor_8x2_16b|compressor_8x2_16b_Sklansky:u_compressor|compressor82:stage4|Mux21a:M5    ; Mux21a                       ; work         ;
;       |compressor82:stage5|                   ; 11 (6)              ; 0 (0)                     ; 0           ; 0            ; 0       ; 0         ; 0    ; 0            ; |top_level_compressor_8x2_16b|compressor_8x2_16b_Sklansky:u_compressor|compressor82:stage5              ; compressor82                 ; work         ;
;          |Mux21a:M0|                          ; 1 (1)               ; 0 (0)                     ; 0           ; 0            ; 0       ; 0         ; 0    ; 0            ; |top_level_compressor_8x2_16b|compressor_8x2_16b_Sklansky:u_compressor|compressor82:stage5|Mux21a:M0    ; Mux21a                       ; work         ;
;          |Mux21a:M1|                          ; 1 (1)               ; 0 (0)                     ; 0           ; 0            ; 0       ; 0         ; 0    ; 0            ; |top_level_compressor_8x2_16b|compressor_8x2_16b_Sklansky:u_compressor|compressor82:stage5|Mux21a:M1    ; Mux21a                       ; work         ;
;          |Mux21a:M3|                          ; 1 (1)               ; 0 (0)                     ; 0           ; 0            ; 0       ; 0         ; 0    ; 0            ; |top_level_compressor_8x2_16b|compressor_8x2_16b_Sklansky:u_compressor|compressor82:stage5|Mux21a:M3    ; Mux21a                       ; work         ;
;          |Mux21a:M4|                          ; 1 (1)               ; 0 (0)                     ; 0           ; 0            ; 0       ; 0         ; 0    ; 0            ; |top_level_compressor_8x2_16b|compressor_8x2_16b_Sklansky:u_compressor|compressor82:stage5|Mux21a:M4    ; Mux21a                       ; work         ;
;          |Mux21a:M5|                          ; 1 (1)               ; 0 (0)                     ; 0           ; 0            ; 0       ; 0         ; 0    ; 0            ; |top_level_compressor_8x2_16b|compressor_8x2_16b_Sklansky:u_compressor|compressor82:stage5|Mux21a:M5    ; Mux21a                       ; work         ;
;       |compressor82:stage6|                   ; 11 (6)              ; 0 (0)                     ; 0           ; 0            ; 0       ; 0         ; 0    ; 0            ; |top_level_compressor_8x2_16b|compressor_8x2_16b_Sklansky:u_compressor|compressor82:stage6              ; compressor82                 ; work         ;
;          |Mux21a:M0|                          ; 1 (1)               ; 0 (0)                     ; 0           ; 0            ; 0       ; 0         ; 0    ; 0            ; |top_level_compressor_8x2_16b|compressor_8x2_16b_Sklansky:u_compressor|compressor82:stage6|Mux21a:M0    ; Mux21a                       ; work         ;
;          |Mux21a:M1|                          ; 1 (1)               ; 0 (0)                     ; 0           ; 0            ; 0       ; 0         ; 0    ; 0            ; |top_level_compressor_8x2_16b|compressor_8x2_16b_Sklansky:u_compressor|compressor82:stage6|Mux21a:M1    ; Mux21a                       ; work         ;
;          |Mux21a:M3|                          ; 1 (1)               ; 0 (0)                     ; 0           ; 0            ; 0       ; 0         ; 0    ; 0            ; |top_level_compressor_8x2_16b|compressor_8x2_16b_Sklansky:u_compressor|compressor82:stage6|Mux21a:M3    ; Mux21a                       ; work         ;
;          |Mux21a:M4|                          ; 1 (1)               ; 0 (0)                     ; 0           ; 0            ; 0       ; 0         ; 0    ; 0            ; |top_level_compressor_8x2_16b|compressor_8x2_16b_Sklansky:u_compressor|compressor82:stage6|Mux21a:M4    ; Mux21a                       ; work         ;
;          |Mux21a:M5|                          ; 1 (1)               ; 0 (0)                     ; 0           ; 0            ; 0       ; 0         ; 0    ; 0            ; |top_level_compressor_8x2_16b|compressor_8x2_16b_Sklansky:u_compressor|compressor82:stage6|Mux21a:M5    ; Mux21a                       ; work         ;
;       |compressor82:stage7|                   ; 11 (6)              ; 0 (0)                     ; 0           ; 0            ; 0       ; 0         ; 0    ; 0            ; |top_level_compressor_8x2_16b|compressor_8x2_16b_Sklansky:u_compressor|compressor82:stage7              ; compressor82                 ; work         ;
;          |Mux21a:M0|                          ; 1 (1)               ; 0 (0)                     ; 0           ; 0            ; 0       ; 0         ; 0    ; 0            ; |top_level_compressor_8x2_16b|compressor_8x2_16b_Sklansky:u_compressor|compressor82:stage7|Mux21a:M0    ; Mux21a                       ; work         ;
;          |Mux21a:M1|                          ; 1 (1)               ; 0 (0)                     ; 0           ; 0            ; 0       ; 0         ; 0    ; 0            ; |top_level_compressor_8x2_16b|compressor_8x2_16b_Sklansky:u_compressor|compressor82:stage7|Mux21a:M1    ; Mux21a                       ; work         ;
;          |Mux21a:M3|                          ; 1 (1)               ; 0 (0)                     ; 0           ; 0            ; 0       ; 0         ; 0    ; 0            ; |top_level_compressor_8x2_16b|compressor_8x2_16b_Sklansky:u_compressor|compressor82:stage7|Mux21a:M3    ; Mux21a                       ; work         ;
;          |Mux21a:M4|                          ; 1 (1)               ; 0 (0)                     ; 0           ; 0            ; 0       ; 0         ; 0    ; 0            ; |top_level_compressor_8x2_16b|compressor_8x2_16b_Sklansky:u_compressor|compressor82:stage7|Mux21a:M4    ; Mux21a                       ; work         ;
;          |Mux21a:M5|                          ; 1 (1)               ; 0 (0)                     ; 0           ; 0            ; 0       ; 0         ; 0    ; 0            ; |top_level_compressor_8x2_16b|compressor_8x2_16b_Sklansky:u_compressor|compressor82:stage7|Mux21a:M5    ; Mux21a                       ; work         ;
;       |compressor82:stage8|                   ; 11 (6)              ; 0 (0)                     ; 0           ; 0            ; 0       ; 0         ; 0    ; 0            ; |top_level_compressor_8x2_16b|compressor_8x2_16b_Sklansky:u_compressor|compressor82:stage8              ; compressor82                 ; work         ;
;          |Mux21a:M0|                          ; 1 (1)               ; 0 (0)                     ; 0           ; 0            ; 0       ; 0         ; 0    ; 0            ; |top_level_compressor_8x2_16b|compressor_8x2_16b_Sklansky:u_compressor|compressor82:stage8|Mux21a:M0    ; Mux21a                       ; work         ;
;          |Mux21a:M1|                          ; 1 (1)               ; 0 (0)                     ; 0           ; 0            ; 0       ; 0         ; 0    ; 0            ; |top_level_compressor_8x2_16b|compressor_8x2_16b_Sklansky:u_compressor|compressor82:stage8|Mux21a:M1    ; Mux21a                       ; work         ;
;          |Mux21a:M3|                          ; 1 (1)               ; 0 (0)                     ; 0           ; 0            ; 0       ; 0         ; 0    ; 0            ; |top_level_compressor_8x2_16b|compressor_8x2_16b_Sklansky:u_compressor|compressor82:stage8|Mux21a:M3    ; Mux21a                       ; work         ;
;          |Mux21a:M4|                          ; 1 (1)               ; 0 (0)                     ; 0           ; 0            ; 0       ; 0         ; 0    ; 0            ; |top_level_compressor_8x2_16b|compressor_8x2_16b_Sklansky:u_compressor|compressor82:stage8|Mux21a:M4    ; Mux21a                       ; work         ;
;          |Mux21a:M5|                          ; 1 (1)               ; 0 (0)                     ; 0           ; 0            ; 0       ; 0         ; 0    ; 0            ; |top_level_compressor_8x2_16b|compressor_8x2_16b_Sklansky:u_compressor|compressor82:stage8|Mux21a:M5    ; Mux21a                       ; work         ;
;       |compressor82:stage9|                   ; 14 (7)              ; 0 (0)                     ; 0           ; 0            ; 0       ; 0         ; 0    ; 0            ; |top_level_compressor_8x2_16b|compressor_8x2_16b_Sklansky:u_compressor|compressor82:stage9              ; compressor82                 ; work         ;
;          |Mux21a:M0|                          ; 1 (1)               ; 0 (0)                     ; 0           ; 0            ; 0       ; 0         ; 0    ; 0            ; |top_level_compressor_8x2_16b|compressor_8x2_16b_Sklansky:u_compressor|compressor82:stage9|Mux21a:M0    ; Mux21a                       ; work         ;
;          |Mux21a:M1|                          ; 1 (1)               ; 0 (0)                     ; 0           ; 0            ; 0       ; 0         ; 0    ; 0            ; |top_level_compressor_8x2_16b|compressor_8x2_16b_Sklansky:u_compressor|compressor82:stage9|Mux21a:M1    ; Mux21a                       ; work         ;
;          |Mux21a:M3|                          ; 3 (3)               ; 0 (0)                     ; 0           ; 0            ; 0       ; 0         ; 0    ; 0            ; |top_level_compressor_8x2_16b|compressor_8x2_16b_Sklansky:u_compressor|compressor82:stage9|Mux21a:M3    ; Mux21a                       ; work         ;
;          |Mux21a:M4|                          ; 1 (1)               ; 0 (0)                     ; 0           ; 0            ; 0       ; 0         ; 0    ; 0            ; |top_level_compressor_8x2_16b|compressor_8x2_16b_Sklansky:u_compressor|compressor82:stage9|Mux21a:M4    ; Mux21a                       ; work         ;
;          |Mux21a:M5|                          ; 1 (1)               ; 0 (0)                     ; 0           ; 0            ; 0       ; 0         ; 0    ; 0            ; |top_level_compressor_8x2_16b|compressor_8x2_16b_Sklansky:u_compressor|compressor82:stage9|Mux21a:M5    ; Mux21a                       ; work         ;
;       |fulladder_a:stage18|                   ; 2 (2)               ; 0 (0)                     ; 0           ; 0            ; 0       ; 0         ; 0    ; 0            ; |top_level_compressor_8x2_16b|compressor_8x2_16b_Sklansky:u_compressor|fulladder_a:stage18              ; fulladder_a                  ; work         ;
;       |sklansky_15:stage16|                   ; 64 (64)             ; 0 (0)                     ; 0           ; 0            ; 0       ; 0         ; 0    ; 0            ; |top_level_compressor_8x2_16b|compressor_8x2_16b_Sklansky:u_compressor|sklansky_15:stage16              ; sklansky_15                  ; work         ;
+-----------------------------------------------+---------------------+---------------------------+-------------+--------------+---------+-----------+------+--------------+---------------------------------------------------------------------------------------------------------+------------------------------+--------------+
Note: For table entries with two numbers listed, the numbers in parentheses indicate the number of resources of the given type used by the specific entity alone. The numbers listed outside of parentheses indicate the total resources of the given type used by the specific entity and all of its sub-entities in the hierarchy.


+------------------------------------------------------+
; General Register Statistics                          ;
+----------------------------------------------+-------+
; Statistic                                    ; Value ;
+----------------------------------------------+-------+
; Total registers                              ; 147   ;
; Number of registers using Synchronous Clear  ; 0     ;
; Number of registers using Synchronous Load   ; 0     ;
; Number of registers using Asynchronous Clear ; 147   ;
; Number of registers using Asynchronous Load  ; 0     ;
; Number of registers using Clock Enable       ; 0     ;
; Number of registers using Preset             ; 0     ;
+----------------------------------------------+-------+


+------------------------------------------------------------------------------------------+
; Port Connectivity Checks: "compressor_8x2_16b_Sklansky:u_compressor|sklansky_15:stage16" ;
+------+-------+----------+----------------------------------------------------------------+
; Port ; Type  ; Severity ; Details                                                        ;
+------+-------+----------+----------------------------------------------------------------+
; cin  ; Input ; Info     ; Stuck at GND                                                   ;
+------+-------+----------+----------------------------------------------------------------+


+------------------------------------------------------------------------------------------+
; Port Connectivity Checks: "compressor_8x2_16b_Sklansky:u_compressor|compressor82:stage0" ;
+------+-------+----------+----------------------------------------------------------------+
; Port ; Type  ; Severity ; Details                                                        ;
+------+-------+----------+----------------------------------------------------------------+
; cin0 ; Input ; Info     ; Stuck at GND                                                   ;
; cin1 ; Input ; Info     ; Stuck at GND                                                   ;
; cin2 ; Input ; Info     ; Stuck at GND                                                   ;
; cin3 ; Input ; Info     ; Stuck at GND                                                   ;
; cin4 ; Input ; Info     ; Stuck at GND                                                   ;
+------+-------+----------+----------------------------------------------------------------+


+-----------------------------------------------------+
; Post-Synthesis Netlist Statistics for Top Partition ;
+-----------------------+-----------------------------+
; Type                  ; Count                       ;
+-----------------------+-----------------------------+
; boundary_port         ; 149                         ;
; cycloneiii_ff         ; 147                         ;
;     CLR               ; 147                         ;
; cycloneiii_lcell_comb ; 258                         ;
;     normal            ; 258                         ;
;         2 data inputs ; 25                          ;
;         3 data inputs ; 94                          ;
;         4 data inputs ; 139                         ;
;                       ;                             ;
; Max LUT depth         ; 11.00                       ;
; Average LUT depth     ; 6.90                        ;
+-----------------------+-----------------------------+


+-------------------------------+
; Elapsed Time Per Partition    ;
+----------------+--------------+
; Partition Name ; Elapsed Time ;
+----------------+--------------+
; Top            ; 00:00:00     ;
+----------------+--------------+


+-------------------------------+
; Analysis & Synthesis Messages ;
+-------------------------------+
Info: *******************************************************************
Info: Running Quartus Prime Analysis & Synthesis
    Info: Version 24.1std.0 Build 1077 03/04/2025 SC Lite Edition
    Info: Processing started: Tue Dec 30 11:58:05 2025
Info: Command: quartus_map --read_settings_files=on --write_settings_files=off Compressor82_16bits_Sklansky -c Compressor82_16bits_Sklansky
Warning (18236): Number of processors has not been specified which may cause overloading on shared machines.  Set the global assignment NUM_PARALLEL_PROCESSORS in your QSF to an appropriate value for best performance.
Info (20030): Parallel compilation is enabled and will use 8 of the 8 processors detected
Info (12021): Found 2 design units, including 1 entities, in source file top_level_compressor_8x2_16b.vhd
    Info (12022): Found design unit 1: top_level_compressor_8x2_16b-Behavioral File: F:/github_projects/New JICS/Compressor82_16bits/compressor_Sklansky/top_level_compressor_8x2_16b.vhd Line: 21
    Info (12023): Found entity 1: top_level_compressor_8x2_16b File: F:/github_projects/New JICS/Compressor82_16bits/compressor_Sklansky/top_level_compressor_8x2_16b.vhd Line: 4
Info (12021): Found 2 design units, including 1 entities, in source file ff_d3.vhd
    Info (12022): Found design unit 1: FF_D3-rtl File: F:/github_projects/New JICS/Compressor82_16bits/compressor_Sklansky/FF_D3.vhd Line: 13
    Info (12023): Found entity 1: FF_D3 File: F:/github_projects/New JICS/Compressor82_16bits/compressor_Sklansky/FF_D3.vhd Line: 4
Info (12021): Found 2 design units, including 1 entities, in source file ff_d16.vhd
    Info (12022): Found design unit 1: FF_D16-rtl File: F:/github_projects/New JICS/Compressor82_16bits/compressor_Sklansky/FF_D16.vhd Line: 13
    Info (12023): Found entity 1: FF_D16 File: F:/github_projects/New JICS/Compressor82_16bits/compressor_Sklansky/FF_D16.vhd Line: 4
Info (12021): Found 16 design units, including 7 entities, in source file compressor_8x2_16b_sklansky.vhd
    Info (12022): Found design unit 1: Mux21a-circuito File: F:/github_projects/New JICS/Compressor82_16bits/compressor_Sklansky/compressor_8x2_16b_Sklansky.vhd Line: 10
    Info (12022): Found design unit 2: halfadder_a-soma File: F:/github_projects/New JICS/Compressor82_16bits/compressor_Sklansky/compressor_8x2_16b_Sklansky.vhd Line: 30
    Info (12022): Found design unit 3: fulladder_a-comportamento File: F:/github_projects/New JICS/Compressor82_16bits/compressor_Sklansky/compressor_8x2_16b_Sklansky.vhd Line: 47
    Info (12022): Found design unit 4: sklansky_15-rtl File: F:/github_projects/New JICS/Compressor82_16bits/compressor_Sklansky/compressor_8x2_16b_Sklansky.vhd Line: 73
    Info (12022): Found design unit 5: my_componentsa File: F:/github_projects/New JICS/Compressor82_16bits/compressor_Sklansky/compressor_8x2_16b_Sklansky.vhd Line: 335
    Info (12022): Found design unit 6: compressor52-behavior File: F:/github_projects/New JICS/Compressor82_16bits/compressor_Sklansky/compressor_8x2_16b_Sklansky.vhd Line: 384
    Info (12022): Found design unit 7: compressor82-arq5 File: F:/github_projects/New JICS/Compressor82_16bits/compressor_Sklansky/compressor_8x2_16b_Sklansky.vhd Line: 435
    Info (12022): Found design unit 8: my_componentsb File: F:/github_projects/New JICS/Compressor82_16bits/compressor_Sklansky/compressor_8x2_16b_Sklansky.vhd Line: 483
    Info (12022): Found design unit 9: compressor_8x2_16b_Sklansky-behavior File: F:/github_projects/New JICS/Compressor82_16bits/compressor_Sklansky/compressor_8x2_16b_Sklansky.vhd Line: 514
    Info (12023): Found entity 1: Mux21a File: F:/github_projects/New JICS/Compressor82_16bits/compressor_Sklansky/compressor_8x2_16b_Sklansky.vhd Line: 4
    Info (12023): Found entity 2: halfadder_a File: F:/github_projects/New JICS/Compressor82_16bits/compressor_Sklansky/compressor_8x2_16b_Sklansky.vhd Line: 23
    Info (12023): Found entity 3: fulladder_a File: F:/github_projects/New JICS/Compressor82_16bits/compressor_Sklansky/compressor_8x2_16b_Sklansky.vhd Line: 41
    Info (12023): Found entity 4: sklansky_15 File: F:/github_projects/New JICS/Compressor82_16bits/compressor_Sklansky/compressor_8x2_16b_Sklansky.vhd Line: 63
    Info (12023): Found entity 5: compressor52 File: F:/github_projects/New JICS/Compressor82_16bits/compressor_Sklansky/compressor_8x2_16b_Sklansky.vhd Line: 375
    Info (12023): Found entity 6: compressor82 File: F:/github_projects/New JICS/Compressor82_16bits/compressor_Sklansky/compressor_8x2_16b_Sklansky.vhd Line: 428
    Info (12023): Found entity 7: compressor_8x2_16b_Sklansky File: F:/github_projects/New JICS/Compressor82_16bits/compressor_Sklansky/compressor_8x2_16b_Sklansky.vhd Line: 508
Info (12127): Elaborating entity "top_level_compressor_8x2_16b" for the top level hierarchy
Info (12128): Elaborating entity "FF_D16" for hierarchy "FF_D16:ff_a" File: F:/github_projects/New JICS/Compressor82_16bits/compressor_Sklansky/top_level_compressor_8x2_16b.vhd Line: 74
Info (12128): Elaborating entity "compressor_8x2_16b_Sklansky" for hierarchy "compressor_8x2_16b_Sklansky:u_compressor" File: F:/github_projects/New JICS/Compressor82_16bits/compressor_Sklansky/top_level_compressor_8x2_16b.vhd Line: 97
Info (12128): Elaborating entity "compressor82" for hierarchy "compressor_8x2_16b_Sklansky:u_compressor|compressor82:stage0" File: F:/github_projects/New JICS/Compressor82_16bits/compressor_Sklansky/compressor_8x2_16b_Sklansky.vhd Line: 538
Info (12128): Elaborating entity "Mux21a" for hierarchy "compressor_8x2_16b_Sklansky:u_compressor|compressor82:stage0|Mux21a:M0" File: F:/github_projects/New JICS/Compressor82_16bits/compressor_Sklansky/compressor_8x2_16b_Sklansky.vhd Line: 464
Info (12128): Elaborating entity "sklansky_15" for hierarchy "compressor_8x2_16b_Sklansky:u_compressor|sklansky_15:stage16" File: F:/github_projects/New JICS/Compressor82_16bits/compressor_Sklansky/compressor_8x2_16b_Sklansky.vhd Line: 555
Info (12128): Elaborating entity "compressor52" for hierarchy "compressor_8x2_16b_Sklansky:u_compressor|compressor52:stage17" File: F:/github_projects/New JICS/Compressor82_16bits/compressor_Sklansky/compressor_8x2_16b_Sklansky.vhd Line: 557
Info (12128): Elaborating entity "fulladder_a" for hierarchy "compressor_8x2_16b_Sklansky:u_compressor|fulladder_a:stage18" File: F:/github_projects/New JICS/Compressor82_16bits/compressor_Sklansky/compressor_8x2_16b_Sklansky.vhd Line: 558
Info (12128): Elaborating entity "FF_D3" for hierarchy "FF_D3:ff_c_out" File: F:/github_projects/New JICS/Compressor82_16bits/compressor_Sklansky/top_level_compressor_8x2_16b.vhd Line: 116
Info (286030): Timing-Driven Synthesis is running
Info (16010): Generating hard_block partition "hard_block:auto_generated_inst"
    Info (16011): Adding 0 node(s), including 0 DDIO, 0 PLL, 0 transceiver and 0 LCELL
Info (21057): Implemented 535 device resources after synthesis - the final resource count might be different
    Info (21058): Implemented 130 input pins
    Info (21059): Implemented 19 output pins
    Info (21061): Implemented 386 logic cells
Info: Quartus Prime Analysis & Synthesis was successful. 0 errors, 1 warning
    Info: Peak virtual memory: 4850 megabytes
    Info: Processing ended: Tue Dec 30 11:58:12 2025
    Info: Elapsed time: 00:00:07
    Info: Total CPU time (on all processors): 00:00:16


