#-----------------------------------------------------------
# xsim v2025.1 (64-bit)
# SW Build 6140274 on Thu May 22 00:12:29 MDT 2025
# IP Build 6138677 on Thu May 22 03:10:11 MDT 2025
# SharedData Build 6139179 on Tue May 20 17:58:58 MDT 2025
# Start of session at: Fri Jan  9 18:20:27 2026
# Process ID         : 16224
# Current directory  : F:/github_projects/New JICS/arquivos_teste
# Command line       : xsim.exe -log xsim_gold.log -mode tcl -source {xsim.dir/tb_gold_generic_sim/xsim_script.tcl}
# Log file           : F:/github_projects/New JICS/arquivos_teste/xsim_gold.log
# Journal file       : F:/github_projects/New JICS/arquivos_teste\xsim.jou
# Running On         : DESKTOP-8L9PMU5
# Platform           : Windows Server 2016 or Windows 10
# Operating System   : 19045
# Processor Detail   : Intel(R) Core(TM) i7-9700 CPU @ 3.00GHz
# CPU Frequency      : 3000 MHz
# CPU Physical cores : 8
# CPU Logical cores  : 8
# Host memory        : 34299 MB
# Swap memory        : 5100 MB
# Total Virtual      : 39399 MB
# Available Virtual  : 22367 MB
#-----------------------------------------------------------
source xsim.dir/tb_gold_generic_sim/xsim_script.tcl
source run_gold.tcl
